[WRN] Loading 2 unsigned templates for scan. Use with caution.

                     __     _
   ____  __  _______/ /__  (_)
  / __ \/ / / / ___/ / _ \/ /
 / / / / /_/ / /__/ /  __/ /
/_/ /_/\__,_/\___/_/\___/_/   v3.4.10

		projectdiscovery.io

[ERR] Could not read nuclei-ignore file: open /root/.config/nuclei/.nuclei-ignore: no such file or directory
goroutine 1 [running]:
runtime/debug.Stack()
	runtime/debug/stack.go:26 +0x64
github.com/projectdiscovery/nuclei/v3/pkg/catalog/config.ReadIgnoreFile()
	github.com/projectdiscovery/nuclei/v3/pkg/catalog/config/ignorefile.go:21 +0x9c
github.com/projectdiscovery/nuclei/v3/internal/runner.(*Runner).RunEnumeration(0x4000b0e360)
	github.com/projectdiscovery/nuclei/v3/internal/runner/runner.go:541 +0x244
main.main()
	./main.go:223 +0x9cc

[INF] Current nuclei version: v3.4.10 (unknown) - remove '-duc' flag to enable update checks
[INF] Current nuclei-templates version:  (unknown) - remove '-duc' flag to enable update checks
[INF] New templates added in latest release: 0
[INF] Templates loaded for current scan: 2
[INF] Targets loaded for current scan: 2
[INF] Scan completed in 489.252583ms. No results found.
