Found Java version 17.0.19
Read custom JVM args from /home/zap//.ZAP/.ZAP_JVM.properties
Using JVM args: -Xms512m -Xmx1536m -XX:+ExitOnOutOfMemoryError -XX:ErrorFile=/zap/wrk/crash/hs_err_pid%p.log
274 [main] INFO  org.parosproxy.paros.Constant - Copying default configuration to /home/zap/.ZAP/config.xml
348 [main] INFO  org.parosproxy.paros.Constant - Creating directory /home/zap/.ZAP/session
349 [main] INFO  org.parosproxy.paros.Constant - Creating directory /home/zap/.ZAP/dirbuster
349 [main] INFO  org.parosproxy.paros.Constant - Creating directory /home/zap/.ZAP/fuzzers
350 [main] INFO  org.parosproxy.paros.Constant - Creating directory /home/zap/.ZAP/plugin
Job passiveScan-config set enableTags = false
Job passiveScan-config set maxAlertsPerRule = 50
Job passiveScan-config set scanOnlyInScope = true
Job spider set context = wp30-production
Job spider set maxDuration = 10
Job spider set maxDepth = 8
Job spider set maxChildren = 100
Job spiderAjax set context = wp30-production
Job spiderAjax set maxDuration = 10
Job spiderAjax set maxCrawlDepth = 8
Job spiderAjax set numberOfBrowsers = 1
Job passiveScan-wait set maxDuration = 10
Job activeScan set context = wp30-production
Job activeScan set maxScanDurationInMins = 8
Job activeScan set maxRuleDurationInMins = 2
Job activeScan set defaultStrength = medium
Job activeScan set defaultThreshold = medium
Job report set template = traditional-json-plus
Job report set reportDir = /zap/wrk/raw
Job report set reportFile = zap-report.json
Job report set reportTitle = WP30 authorized production-readiness scan
Job exitStatus set errorLevel = High
Job exitStatus set warnLevel = Medium
Job passiveScan-config started
Job passiveScan-config finished, time taken: 00:00:00
Job spider started
Job spider requesting URL http://control-plane:3300
Job spider found 3 URLs
Job spider finished, time taken: 00:00:00
Job spiderAjax started
Job spiderAjax found 3 URLs
Job spiderAjax finished, time taken: 00:00:04
Job passiveScan-wait started
Job passiveScan-wait finished, time taken: 00:00:00
Job activeScan started
Job activeScan set default strength to MEDIUM
Job activeScan set default threshold to MEDIUM
Job activeScan finished, time taken: 00:00:08
Job report started
Job report generated report /zap/wrk/raw/zap-report.json
Job report finished, time taken: 00:00:00
Job exitStatus started
Job exitStatus finished, time taken: 00:00:00
Automation plan succeeded!
Jul 22, 2026 8:19:49 PM java.util.prefs.FileSystemPreferences$1 run
INFO: Created user preferences directory.
